[rentalworld.gr8.com/index.html]
[backblue.gif]
[fade.gif]
[index.html]
[multimedia.getresponse.com/getresponse-hXJw8/photos/637343004b771.jpg]
[multimedia.getresponse.com/getresponse-hXJw8/photos/637342704.jpg]
[rentalworld.gr8.com/images/lps/js/lpc.js]
[rentalworld.gr8.com/images/lps/css/reset4a07.css]
[rentalworld.gr8.com/images/lps/js/jquery-3.1.0.min.js]
[rentalworld.gr8.com/images/lps/css/core4a07.css]
[rentalworld.gr8.com/images/lps/css/webform4a07.css]
[rentalworld.gr8.com/images/common/templates/landing/254/1/css/style.css]
[app.getresponse.com/images/common/templates/landing/254/1/img/254_11.png]
[app.getresponse.com/images/common/templates/landing/254/1/img/254_12.png]
[app.getresponse.com/images/common/templates/landing/254/1/img/254_13.png]
[app.getresponse.com/images/common/templates/landing/254/1/img/254_06.png]
[app.getresponse.com/images/common/templates/landing/254/1/img/254_08.png]
[app.getresponse.com/images/common/templates/landing/254/1/img/254_09.jpg]
[app.getresponse.com/images/common/templates/landing/254/1/img/254_01.jpg]
[app.gr-cdn.com/javascripts/core/js/pages/panel/squeeze/lpc-show-60e209b9bf.min.js]
[ga.getresponse.com/script/ga179e.js]
[rentalworld.gr8.com/index.html]
[rentalworld.gr8.com/images/lps/css/reset4a07.css]
[rentalworld.gr8.com/images/lps/css/core4a07.css]
[rentalworld.gr8.com/images/core/tools/form/phone.png]
[rentalworld.gr8.com/images/lps/css/webform4a07.css]
[rentalworld.gr8.com/images/common/templates/landing/254/1/css/style.css]
